\BOOKMARK [1][-]{section.1}{\376\377\225\356\230\230\221\315\217\360\116\016\200\314\146\157\122\006\147\220}{}% 1
\BOOKMARK [2][-]{subsection.1.1}{\376\377\170\024\172\166\200\314\146\157\116\016\116\064\136\212\141\017\116\111}{section.1}% 2
\BOOKMARK [2][-]{subsection.1.2}{\376\377\133\120\116\373\122\241\122\006\211\343}{section.1}% 3
\BOOKMARK [1][-]{section.2}{\376\377\152\041\127\213\120\107\213\276\116\016\173\046\123\367\213\364\146\016}{}% 4
\BOOKMARK [2][-]{subsection.2.1}{\376\377\152\041\127\213\127\372\147\054\120\107\213\276}{section.2}% 5
\BOOKMARK [2][-]{subsection.2.2}{\376\377\116\073\211\201\173\046\123\367\213\364\146\016}{section.2}% 6
\BOOKMARK [1][-]{section.3}{\376\377\225\356\230\230\116\000\377\032\200\316\121\077\156\070\171\273\000D\000N\000A\155\123\136\246\122\006\136\003\162\171\137\201\116\016\137\161\124\315\126\340\175\040\136\372\152\041}{}% 7
\BOOKMARK [2][-]{subsection.3.1}{\376\377\145\160\143\156\156\005\155\027\116\016\165\067\131\163\200\316\121\077\162\171\137\201\135\356\137\002\140\047\150\300\232\214}{section.3}% 8
\BOOKMARK [2][-]{subsection.3.2}{\376\377\000c\000f\000f\000D\000N\000A\000\040\155\123\136\246\137\161\124\315\126\340\175\040\166\370\121\163\140\047\122\006\147\220}{section.3}% 9
\BOOKMARK [2][-]{subsection.3.3}{\376\377\122\250\140\001\126\336\137\122\152\041\127\213\133\371\153\324}{section.3}% 10
\BOOKMARK [3][-]{subsubsection.3.3.1}{\376\377\122\006\117\115\145\160\126\336\137\122\116\016\124\004\133\125\124\150\217\276\150\007\163\207}{subsection.3.3}% 11
\BOOKMARK [1][-]{section.4}{\376\377\225\356\230\230\116\214\377\032\200\316\121\077\156\070\171\273\000D\000N\000A\155\123\136\246\230\204\155\113\116\016\147\000\117\163\150\300\155\113\133\125\124\150\117\030\123\026}{}% 12
\BOOKMARK [2][-]{subsection.4.1}{\376\377\145\366\225\364\172\227\117\030\123\026\152\041\127\213\116\016\000\040\000B\000M\000I\000\040\122\006\134\102\143\250\217\337\143\007\123\127}{section.4}% 13
\BOOKMARK [1][-]{section.5}{\376\377\225\356\230\230\116\011\377\032\147\323\202\162\117\123\116\011\117\123\230\316\226\151\221\317\123\026\213\304\117\060\116\016\116\064\136\212\215\050\143\247\173\126\165\145}{}% 14
\BOOKMARK [2][-]{subsection.5.1}{\376\377\165\037\162\151\162\151\164\006\147\072\122\066\116\016\131\032\162\171\137\201\147\072\126\150\133\146\116\140\230\316\226\151\122\006\174\173\126\150}{section.5}% 15
\BOOKMARK [2][-]{subsection.5.2}{\376\377\116\064\136\212\116\011\123\072\215\050\143\247\173\133\147\345\173\126\165\145}{section.5}% 16
\BOOKMARK [1][-]{section.6}{\376\377\225\356\230\230\126\333\377\032\176\265\124\021\122\250\140\001\217\375\216\052\152\041\127\213\116\016\215\035\123\366\145\257\131\015\150\300\121\263\173\126\174\373\176\337}{}% 17
\BOOKMARK [2][-]{subsection.6.1}{\376\377\176\277\140\047\155\367\124\010\145\110\136\224\152\041\127\213\377\010\000L\000M\000M\377\011\123\302\145\160\117\060\213\241}{section.6}% 18
\BOOKMARK [2][-]{subsection.6.2}{\376\377\176\317\232\214\215\035\123\366\145\257\122\250\140\001\146\364\145\260\116\016\116\052\140\047\123\026\131\015\150\300\145\366\147\072\121\263\173\126}{section.6}% 19
\BOOKMARK [1][-]{section.7}{\376\377\123\302\200\003\145\207\163\056}{}% 20
